{
  "orderer": "Orderer name should not exceed 50 characters"
}