{
  "error": "Order not found when updating the order with the given order number: misssing-order-number"
}