{
  "id": 10000003,
  "order_number": "ORD-1004",
  "orderer": "Tamas",
  "status": "PENDING",
  "discounts": [
    {
      "name": "25% off for orders over â‚¬12",
      "percentage": 25.0,
      "amount_in_cents": 450.0
    }
  ],
  "sub_total_price_in_cents": 1800.0,
  "total_price_in_cents": 1350.0,
  "currency": "EUR",
  "order_lines": [
    {
      "price_in_cents": 1300.0,
      "toppings": [
        {
          "name": "Chocolate Syrup",
          "price_in_cents": 500.0
        },
        {
          "name": "Hazelnut Syrup",
          "price_in_cents": 300.0
        }
      ]
    },
    {
      "price_in_cents": 500.0,
      "toppings": []
    }
  ],
  "created_at": "2023-10-04T11:20:00",
  "updated_at": "2023-10-04"
}