{
  "id": 10000000,
  "order_number": "ORD-1001",
  "orderer": "Alice",
  "status": "PENDING",
  "discounts": [],
  "sub_total_price_in_cents": 1200.0,
  "total_price_in_cents": 1000.0,
  "currency": "EUR",
  "order_lines": [
    {
      "price_in_cents": 1200.0,
      "drink": {
        "name": "Latte",
        "price_in_cents": 700.0
      },
      "toppings": [
        {
          "name": "Chocolate Syrup",
          "price_in_cents": 500.0
        }
      ]
    }
  ],
  "created_at": "2023-10-01T10:00:00",
  "updated_at": "2023-10-01"
}