{
  "id": 10000009,
  "order_number": "ORD-1010",
  "orderer": "Judy",
  "status": "CANCELLED",
  "discounts": [],
  "sub_total_price_in_cents": 1250.0,
  "total_price_in_cents": 1000.0,
  "currency": "EUR",
  "order_lines": [
    {
      "price_in_cents": 1250.0,
      "drink": {
        "name": "Affogato",
        "price_in_cents": 1000.0
      },
      "toppings": [
        {
          "name": "Ice Cream",
          "price_in_cents": 250.0
        }
      ]
    }
  ],
  "created_at": "[DateTime_1]",
  "updated_at": "[Date_1]",
  "canceled_at": "[Date_1]"
}