{
  "orderLines": "OrderLines should not be empty."
}