{
  "most_popular_drink": "Affogato",
  "drink_count": 1,
  "most_popular_topping": "Chocolate Syrup",
  "topping_count": 1
}