{
  "totalPriceInCents": "Price should not be empty or null"
}